<?xml version="1.0" encoding="utf-8"?><testsuites><testsuite name="pytest" errors="0" failures="0" skipped="0" tests="2" time="15.731" timestamp="2021-12-02T18:13:06.817589" hostname="DESKTOP-F5PJJI8"><testcase classname="ui_tests.ui_test" name="test_search_xss" time="7.930" /><testcase classname="ui_tests.ui_test" name="test_no_xss" time="7.475" /></testsuite></testsuites>